file /mnt/hgfs/zhuyanbo/Desktop/FYTJ/Work/QiMeng/ArchCoder/dev/module-deletion-test/build/RISCV/ext/systemc/SConscript,line 41:
	Configure(confdir = /mnt/hgfs/zhuyanbo/Desktop/FYTJ/Work/QiMeng/ArchCoder/dev/module-deletion-test/build/RISCV/ext/systemc/.scons_config)
scons: Configure: Checking whether __i386__ is declared... 
scons: Configure: "/mnt/hgfs/zhuyanbo/Desktop/FYTJ/Work/QiMeng/ArchCoder/dev/module-deletion-test/build/RISCV/ext/systemc/.scons_config/conftest_35422207c1ff9f87810e3f3cf05741b3_0.c" is up to date.
scons: Configure: The original builder output was:
  |/mnt/hgfs/zhuyanbo/Desktop/FYTJ/Work/QiMeng/ArchCoder/dev/module-deletion-test/build/RISCV/ext/systemc/.scons_config/conftest_35422207c1ff9f87810e3f3cf05741b3_0.c <-
  |  |
  |  |int main(void)
  |  |{
  |  |#ifndef __i386__
  |  |    (void) __i386__;
  |  |#endif
  |  |    ;
  |  |    return 0;
  |  |}
  |  |
  |
scons: Configure: Building "/mnt/hgfs/zhuyanbo/Desktop/FYTJ/Work/QiMeng/ArchCoder/dev/module-deletion-test/build/RISCV/ext/systemc/.scons_config/conftest_35422207c1ff9f87810e3f3cf05741b3_0_35409b8a5f12daf067c6e81331d028cb.o" failed in a previous run and all its sources are up to date.
scons: Configure: The original builder output was:
  | [      CC] RISCV/ext/systemc/.scons_config/conftest_35422207c1ff9f87810e3f3cf05741b3_0.c -> _35409b8a5f12daf067c6e81331d028cb.o
  |
scons: Configure: (cached) no

scons: Configure: Checking whether __x86_64__ is declared... 
scons: Configure: "/mnt/hgfs/zhuyanbo/Desktop/FYTJ/Work/QiMeng/ArchCoder/dev/module-deletion-test/build/RISCV/ext/systemc/.scons_config/conftest_fc5c667aeab98cc869c22ec2d558eb9d_0.c" is up to date.
scons: Configure: The original builder output was:
  |/mnt/hgfs/zhuyanbo/Desktop/FYTJ/Work/QiMeng/ArchCoder/dev/module-deletion-test/build/RISCV/ext/systemc/.scons_config/conftest_fc5c667aeab98cc869c22ec2d558eb9d_0.c <-
  |  |
  |  |int main(void)
  |  |{
  |  |#ifndef __x86_64__
  |  |    (void) __x86_64__;
  |  |#endif
  |  |    ;
  |  |    return 0;
  |  |}
  |  |
  |
scons: Configure: Building "/mnt/hgfs/zhuyanbo/Desktop/FYTJ/Work/QiMeng/ArchCoder/dev/module-deletion-test/build/RISCV/ext/systemc/.scons_config/conftest_fc5c667aeab98cc869c22ec2d558eb9d_0_3062e29fdb370fb77815980be9a57fb5.o" failed in a previous run and all its sources are up to date.
scons: Configure: The original builder output was:
  | [      CC] RISCV/ext/systemc/.scons_config/conftest_fc5c667aeab98cc869c22ec2d558eb9d_0.c -> _3062e29fdb370fb77815980be9a57fb5.o
  |
scons: Configure: (cached) no


